// Jest Snapshot v1, https://goo.gl/fbAQLP

exports[`Notifications Component renders the text "No new course available" when passed empty array 1`] = `ShallowWrapper {}`;

exports[`Notifications Component renders the text renders correctly when passed empty array 1`] = `ShallowWrapper {}`;

exports[`Notifications Component when displayDrawer is false renders the text renders correctly when passed empty array 1`] = `ShallowWrapper {}`;
